../../Drivers/CMSIS/Include/core_cm7.h:2660:26:ITM_SendChar	16	static,ignoring_inline_asm
../Core/Src/main.c:71:5:main	32	static
../Core/Src/main.c:153:6:SystemClock_Config	120	static
../Core/Src/main.c:212:13:MX_SPI1_Init	8	static
../Core/Src/main.c:260:13:MX_USART3_UART_Init	8	static
../Core/Src/main.c:308:13:MX_GPIO_Init	48	static
../Core/Src/main.c:338:6:mpu9250_write_reg	16	static
../Core/Src/main.c:345:6:mpu9250_read_reg	24	static
../Core/Src/main.c:354:5:_write	32	static
../Core/Src/main.c:371:6:Error_Handler	4	static,ignoring_inline_asm
